chao@ubuntu:~/workspace/text-emotion$ python test_model.py 
TEST...
LOADING FEATURES FROM FILE
LOADING COMMENTS FROM FILE
GETTING DATA READY FOR MODEL TESTMONY
OPEN WEIGHT FILE
COMPARE RESULT
MODEL CORRECTNESS: 
90.243902439%
DONE.

